{"sessionId": "a8e949", "hypothesisId": "H2-H5", "location": "client.py:request:start", "message": "http_request_start", "data": {"method": "POST", "path": "/api/v1/collections", "base_host": "linkwarden.kiffkast.co.za", "timeout_s": 60.0}, "timestamp": 1785840982783}
{"sessionId": "a8e949", "hypothesisId": "H2-H5", "location": "client.py:request:end", "message": "http_request_end", "data": {"method": "POST", "path": "/api/v1/collections", "status": 200, "latency_ms": 89.8, "cf_ray": "a25d09020d3caeca-JNB", "server": "cloudflare"}, "timestamp": 1785840982873}
{"sessionId": "a8e949", "hypothesisId": "H2-H5", "location": "client.py:request:start", "message": "http_request_start", "data": {"method": "GET", "path": "/api/v1/collections", "base_host": "linkwarden.kiffkast.co.za", "timeout_s": 60.0}, "timestamp": 1785840982874}
{"sessionId": "a8e949", "hypothesisId": "H2-H5", "location": "client.py:request:end", "message": "http_request_end", "data": {"method": "GET", "path": "/api/v1/collections", "status": 200, "latency_ms": 39.8, "cf_ray": "a25d09027e7faeca-JNB", "server": "cloudflare"}, "timestamp": 1785840982914}
{"sessionId": "a8e949", "hypothesisId": "H2-H5", "location": "client.py:request:start", "message": "http_request_start", "data": {"method": "GET", "path": "/api/v1/collections", "base_host": "linkwarden.kiffkast.co.za", "timeout_s": 60.0}, "timestamp": 1785840990849}
{"sessionId": "a8e949", "hypothesisId": "H2-H5", "location": "client.py:request:end", "message": "http_request_end", "data": {"method": "GET", "path": "/api/v1/collections", "status": 200, "latency_ms": 81.2, "cf_ray": "a25d09345fd1e748-JNB", "server": "cloudflare"}, "timestamp": 1785840990930}
{"sessionId": "a8e949", "hypothesisId": "H2-H5", "location": "client.py:request:start", "message": "http_request_start", "data": {"method": "POST", "path": "/api/v1/links", "base_host": "linkwarden.kiffkast.co.za", "timeout_s": 60.0}, "timestamp": 1785840990931}
{"sessionId": "a8e949", "hypothesisId": "H2-H5", "location": "client.py:request:end", "message": "http_request_end", "data": {"method": "POST", "path": "/api/v1/links", "status": 200, "latency_ms": 53.8, "cf_ray": "a25d0934b8b3e748-JNB", "server": "cloudflare"}, "timestamp": 1785840990984}
{"sessionId": "a8e949", "hypothesisId": "H3", "location": "deletes.py:delete_collection:start", "message": "delete_collection_start", "data": {"collection_arg": "ZZ_DeletePrompt_Test", "arg_type": "str"}, "timestamp": 1785841000215}
{"sessionId": "a8e949", "hypothesisId": "H2-H5", "location": "client.py:request:start", "message": "http_request_start", "data": {"method": "GET", "path": "/api/v1/collections", "base_host": "linkwarden.kiffkast.co.za", "timeout_s": 60.0}, "timestamp": 1785841000216}
{"sessionId": "a8e949", "hypothesisId": "H2-H5", "location": "client.py:request:end", "message": "http_request_end", "data": {"method": "GET", "path": "/api/v1/collections", "status": 200, "latency_ms": 50.6, "cf_ray": "a25d096ee8b3421a-JNB", "server": "cloudflare"}, "timestamp": 1785841000266}
{"sessionId": "a8e949", "hypothesisId": "H3", "location": "deletes.py:delete_collection:pre_delete", "message": "delete_collection_resolved", "data": {"collection_id": 98, "link_count": 0, "resolve_ms": 51.4}, "timestamp": 1785841000267}
{"sessionId": "a8e949", "hypothesisId": "H2-H5", "location": "client.py:request:start", "message": "http_request_start", "data": {"method": "DELETE", "path": "/api/v1/collections/98", "base_host": "linkwarden.kiffkast.co.za", "timeout_s": 60.0}, "timestamp": 1785841000267}
{"sessionId": "a8e949", "hypothesisId": "H2-H5", "location": "client.py:request:end", "message": "http_request_end", "data": {"method": "DELETE", "path": "/api/v1/collections/98", "status": 200, "latency_ms": 77.3, "cf_ray": "a25d096f2959421a-JNB", "server": "cloudflare"}, "timestamp": 1785841000344}
{"sessionId": "a8e949", "hypothesisId": "H3-H4", "location": "deletes.py:delete_collection:end", "message": "delete_collection_done", "data": {"collection_id": 98, "link_count": 0, "delete_http_ms": 77.6, "total_ms": 129.1}, "timestamp": 1785841000344}
{"sessionId": "a8e949", "hypothesisId": "H2-H5", "location": "client.py:request:start", "message": "http_request_start", "data": {"method": "GET", "path": "/api/v1/collections", "base_host": "linkwarden.kiffkast.co.za", "timeout_s": 60.0}, "timestamp": 1785841011788}
{"sessionId": "a8e949", "hypothesisId": "H2-H5", "location": "client.py:request:end", "message": "http_request_end", "data": {"method": "GET", "path": "/api/v1/collections", "status": 200, "latency_ms": 56.5, "cf_ray": "a25d09b7488c1d20-JNB", "server": "cloudflare"}, "timestamp": 1785841011845}
{"sessionId": "a8e949", "hypothesisId": "H2-H5", "location": "client.py:request:start", "message": "http_request_start", "data": {"method": "GET", "path": "/api/v1/links/954", "base_host": "linkwarden.kiffkast.co.za", "timeout_s": 60.0}, "timestamp": 1785841011960}
{"sessionId": "a8e949", "hypothesisId": "H2-H5", "location": "client.py:request:end", "message": "http_request_end", "data": {"method": "GET", "path": "/api/v1/links/954", "status": 200, "latency_ms": 46.0, "cf_ray": "a25d09b83bbb1d20-JNB", "server": "cloudflare"}, "timestamp": 1785841012006}
{"sessionId": "a8e949", "hypothesisId": "H2-H5", "location": "client.py:request:start", "message": "http_request_start", "data": {"method": "GET", "path": "/api/v1/search", "base_host": "linkwarden.kiffkast.co.za", "timeout_s": 60.0}, "timestamp": 1785841012162}
{"sessionId": "a8e949", "hypothesisId": "H2-H5", "location": "client.py:request:end", "message": "http_request_end", "data": {"method": "GET", "path": "/api/v1/search", "status": 200, "latency_ms": 32.1, "cf_ray": "a25d09b988371d20-JNB", "server": "cloudflare"}, "timestamp": 1785841012194}
{"sessionId": "a8e949", "hypothesisId": "H2-H5", "location": "client.py:request:start", "message": "http_request_start", "data": {"method": "DELETE", "path": "/api/v1/links", "base_host": "linkwarden.kiffkast.co.za", "timeout_s": 60.0}, "timestamp": 1785841021712}
{"sessionId": "a8e949", "hypothesisId": "H2-H5", "location": "client.py:request:end", "message": "http_request_end", "data": {"method": "DELETE", "path": "/api/v1/links", "status": 200, "latency_ms": 79.0, "cf_ray": "a25d09f5489b8f53-JNB", "server": "cloudflare"}, "timestamp": 1785841021791}
{"sessionId": "a8e949", "hypothesisId": "H2-H5", "location": "client.py:request:start", "message": "http_request_start", "data": {"method": "POST", "path": "/api/v1/collections", "base_host": "linkwarden.kiffkast.co.za", "timeout_s": 60.0}, "timestamp": 1785841096016}
{"sessionId": "a8e949", "hypothesisId": "H2-H5", "location": "client.py:request:end", "message": "http_request_end", "data": {"method": "POST", "path": "/api/v1/collections", "status": 200, "latency_ms": 85.6, "cf_ray": "a25d0bc5bdfff478-JNB", "server": "cloudflare"}, "timestamp": 1785841096101}
{"sessionId": "a8e949", "hypothesisId": "H2-H5", "location": "client.py:request:start", "message": "http_request_start", "data": {"method": "GET", "path": "/api/v1/collections", "base_host": "linkwarden.kiffkast.co.za", "timeout_s": 60.0}, "timestamp": 1785841096102}
{"sessionId": "a8e949", "hypothesisId": "H2-H5", "location": "client.py:request:end", "message": "http_request_end", "data": {"method": "GET", "path": "/api/v1/collections", "status": 200, "latency_ms": 63.1, "cf_ray": "a25d0bc62f8bf478-JNB", "server": "cloudflare"}, "timestamp": 1785841096165}
{"sessionId": "a8e949", "hypothesisId": "H2-H5", "location": "client.py:request:start", "message": "http_request_start", "data": {"method": "GET", "path": "/api/v1/collections", "base_host": "linkwarden.kiffkast.co.za", "timeout_s": 60.0}, "timestamp": 1785841107161}
{"sessionId": "a8e949", "hypothesisId": "H2-H5", "location": "client.py:request:end", "message": "http_request_end", "data": {"method": "GET", "path": "/api/v1/collections", "status": 200, "latency_ms": 60.1, "cf_ray": "a25d0c0b6da5a09e-JNB", "server": "cloudflare"}, "timestamp": 1785841107221}
{"sessionId": "a8e949", "hypothesisId": "H2-H5", "location": "client.py:request:start", "message": "http_request_start", "data": {"method": "GET", "path": "/api/v1/collections", "base_host": "linkwarden.kiffkast.co.za", "timeout_s": 60.0}, "timestamp": 1785841115181}
{"sessionId": "a8e949", "hypothesisId": "H2-H5", "location": "client.py:request:end", "message": "http_request_end", "data": {"method": "GET", "path": "/api/v1/collections", "status": 200, "latency_ms": 59.7, "cf_ray": "a25d0c3d58fbf48a-JNB", "server": "cloudflare"}, "timestamp": 1785841115241}
{"sessionId": "a8e949", "hypothesisId": "H2-H5", "location": "client.py:request:start", "message": "http_request_start", "data": {"method": "GET", "path": "/api/v1/collections", "base_host": "linkwarden.kiffkast.co.za", "timeout_s": 60.0}, "timestamp": 1785841122295}
{"sessionId": "a8e949", "hypothesisId": "H2-H5", "location": "client.py:request:end", "message": "http_request_end", "data": {"method": "GET", "path": "/api/v1/collections", "status": 200, "latency_ms": 77.0, "cf_ray": "a25d0c69fa0473c3-JNB", "server": "cloudflare"}, "timestamp": 1785841122372}
{"sessionId": "a8e949", "hypothesisId": "H3", "location": "deletes.py:delete_collection:start", "message": "delete_collection_start", "data": {"collection_arg": "99", "arg_type": "int"}, "timestamp": 1785841144587}
{"sessionId": "a8e949", "hypothesisId": "H2-H5", "location": "client.py:request:start", "message": "http_request_start", "data": {"method": "GET", "path": "/api/v1/collections", "base_host": "linkwarden.kiffkast.co.za", "timeout_s": 60.0}, "timestamp": 1785841144588}
{"sessionId": "a8e949", "hypothesisId": "H2-H5", "location": "client.py:request:end", "message": "http_request_end", "data": {"method": "GET", "path": "/api/v1/collections", "status": 200, "latency_ms": 52.6, "cf_ray": "a25d0cf54c7c2fcb-JNB", "server": "cloudflare"}, "timestamp": 1785841144640}
{"sessionId": "a8e949", "hypothesisId": "H3", "location": "deletes.py:delete_collection:pre_delete", "message": "delete_collection_resolved", "data": {"collection_id": 99, "link_count": 0, "resolve_ms": 53.6}, "timestamp": 1785841144641}
{"sessionId": "a8e949", "hypothesisId": "H2-H5", "location": "client.py:request:start", "message": "http_request_start", "data": {"method": "DELETE", "path": "/api/v1/collections/99", "base_host": "linkwarden.kiffkast.co.za", "timeout_s": 60.0}, "timestamp": 1785841144641}
{"sessionId": "a8e949", "hypothesisId": "H2-H5", "location": "client.py:request:end", "message": "http_request_end", "data": {"method": "DELETE", "path": "/api/v1/collections/99", "status": 200, "latency_ms": 73.6, "cf_ray": "a25d0cf58d292fcb-JNB", "server": "cloudflare"}, "timestamp": 1785841144715}
{"sessionId": "a8e949", "hypothesisId": "H3-H4", "location": "deletes.py:delete_collection:end", "message": "delete_collection_done", "data": {"collection_id": 99, "link_count": 0, "delete_http_ms": 73.9, "total_ms": 127.7}, "timestamp": 1785841144715}
{"sessionId": "a8e949", "hypothesisId": "H2-H5", "location": "client.py:request:start", "message": "http_request_start", "data": {"method": "GET", "path": "/api/v1/collections", "base_host": "linkwarden.kiffkast.co.za", "timeout_s": 60.0}, "timestamp": 1785841153154}
{"sessionId": "a8e949", "hypothesisId": "H2-H5", "location": "client.py:request:end", "message": "http_request_end", "data": {"method": "GET", "path": "/api/v1/collections", "status": 200, "latency_ms": 82.3, "cf_ray": "a25d0d2adeaeada1-JNB", "server": "cloudflare"}, "timestamp": 1785841153236}
{"sessionId": "a8e949", "hypothesisId": "H2-H5", "location": "client.py:request:start", "message": "http_request_start", "data": {"method": "POST", "path": "/api/v1/links", "base_host": "linkwarden.kiffkast.co.za", "timeout_s": 60.0}, "timestamp": 1785841153236}
{"sessionId": "a8e949", "hypothesisId": "H2-H5", "location": "client.py:request:end", "message": "http_request_end", "data": {"method": "POST", "path": "/api/v1/links", "status": 200, "latency_ms": 48.3, "cf_ray": "a25d0d2b3fdbada1-JNB", "server": "cloudflare"}, "timestamp": 1785841153285}
{"sessionId": "a8e949", "hypothesisId": "H3", "location": "deletes.py:delete_collection:start", "message": "delete_collection_start", "data": {"collection_arg": "ZZ_DeletePrompt_Test", "arg_type": "str"}, "timestamp": 1785841161422}
{"sessionId": "a8e949", "hypothesisId": "H2-H5", "location": "client.py:request:start", "message": "http_request_start", "data": {"method": "GET", "path": "/api/v1/collections", "base_host": "linkwarden.kiffkast.co.za", "timeout_s": 60.0}, "timestamp": 1785841161423}
{"sessionId": "a8e949", "hypothesisId": "H2-H5", "location": "client.py:request:end", "message": "http_request_end", "data": {"method": "GET", "path": "/api/v1/collections", "status": 200, "latency_ms": 49.0, "cf_ray": "a25d0d5e8fc82229-JNB", "server": "cloudflare"}, "timestamp": 1785841161472}
{"sessionId": "a8e949", "hypothesisId": "H3", "location": "deletes.py:delete_collection:pre_delete", "message": "delete_collection_resolved", "data": {"collection_id": 100, "link_count": 0, "resolve_ms": 50.2}, "timestamp": 1785841161472}
{"sessionId": "a8e949", "hypothesisId": "H2-H5", "location": "client.py:request:start", "message": "http_request_start", "data": {"method": "DELETE", "path": "/api/v1/collections/100", "base_host": "linkwarden.kiffkast.co.za", "timeout_s": 60.0}, "timestamp": 1785841161473}
{"sessionId": "a8e949", "hypothesisId": "H2-H5", "location": "client.py:request:end", "message": "http_request_end", "data": {"method": "DELETE", "path": "/api/v1/collections/100", "status": 200, "latency_ms": 39.0, "cf_ray": "a25d0d5eb86b2229-JNB", "server": "cloudflare"}, "timestamp": 1785841161512}
{"sessionId": "a8e949", "hypothesisId": "H3-H4", "location": "deletes.py:delete_collection:end", "message": "delete_collection_done", "data": {"collection_id": 100, "link_count": 0, "delete_http_ms": 39.3, "total_ms": 89.8}, "timestamp": 1785841161512}
{"sessionId": "a8e949", "hypothesisId": "H2-H5", "location": "client.py:request:start", "message": "http_request_start", "data": {"method": "GET", "path": "/api/v1/collections", "base_host": "linkwarden.kiffkast.co.za", "timeout_s": 60.0}, "timestamp": 1785841175065}
{"sessionId": "a8e949", "hypothesisId": "H2-H5", "location": "client.py:request:end", "message": "http_request_end", "data": {"method": "GET", "path": "/api/v1/collections", "status": 200, "latency_ms": 64.0, "cf_ray": "a25d0db3cea8fc7e-JNB", "server": "cloudflare"}, "timestamp": 1785841175129}
{"sessionId": "a8e949", "hypothesisId": "H2-H5", "location": "client.py:request:start", "message": "http_request_start", "data": {"method": "GET", "path": "/api/v1/search", "base_host": "linkwarden.kiffkast.co.za", "timeout_s": 60.0}, "timestamp": 1785841187782}
{"sessionId": "a8e949", "hypothesisId": "H2-H5", "location": "client.py:request:end", "message": "http_request_end", "data": {"method": "GET", "path": "/api/v1/search", "status": 200, "latency_ms": 74.7, "cf_ray": "a25d0e034b85d0e9-JNB", "server": "cloudflare"}, "timestamp": 1785841187857}
{"sessionId": "a8e949", "hypothesisId": "H2-H5", "location": "client.py:request:start", "message": "http_request_start", "data": {"method": "GET", "path": "/api/v1/links/955", "base_host": "linkwarden.kiffkast.co.za", "timeout_s": 60.0}, "timestamp": 1785841187865}
{"sessionId": "a8e949", "hypothesisId": "H2-H5", "location": "client.py:request:end", "message": "http_request_end", "data": {"method": "GET", "path": "/api/v1/links/955", "status": 200, "latency_ms": 53.4, "cf_ray": "a25d0e03ac9cd0e9-JNB", "server": "cloudflare"}, "timestamp": 1785841187918}
{"sessionId": "a8e949", "hypothesisId": "H2-H5", "location": "client.py:request:start", "message": "http_request_start", "data": {"method": "DELETE", "path": "/api/v1/links", "base_host": "linkwarden.kiffkast.co.za", "timeout_s": 60.0}, "timestamp": 1785841198675}
{"sessionId": "a8e949", "hypothesisId": "H2-H5", "location": "client.py:request:end", "message": "http_request_end", "data": {"method": "DELETE", "path": "/api/v1/links", "status": 200, "latency_ms": 81.9, "cf_ray": "a25d0e473e2fa0d0-JNB", "server": "cloudflare"}, "timestamp": 1785841198757}
